2026-03-09 08:58:39 [main] INFO  c.p.alerts.ConsumerSetupApplication - Starting ConsumerSetupApplication using Java 21.0.10 with PID 14916 (D:\Developer\Consumer_Setup\target\classes started by Admin in D:\Developer\Consumer_Setup)
2026-03-09 08:58:39 [main] INFO  c.p.alerts.ConsumerSetupApplication - No active profile set, falling back to 1 default profile: "default"
2026-03-09 08:58:40 [main] INFO  o.s.d.r.c.RepositoryConfigurationDelegate - Bootstrapping Spring Data JPA repositories in DEFAULT mode.
2026-03-09 08:58:41 [main] INFO  o.s.d.r.c.RepositoryConfigurationDelegate - Finished Spring Data repository scanning in 104 ms. Found 5 JPA repository interfaces.
2026-03-09 08:58:42 [main] INFO  o.s.boot.tomcat.TomcatWebServer - Tomcat initialized with port 8082 (http)
2026-03-09 08:58:42 [main] INFO  o.a.coyote.http11.Http11NioProtocol - Initializing ProtocolHandler ["http-nio-8082"]
2026-03-09 08:58:42 [main] INFO  o.a.catalina.core.StandardService - Starting service [Tomcat]
2026-03-09 08:58:42 [main] INFO  o.a.catalina.core.StandardEngine - Starting Servlet engine: [Apache Tomcat/11.0.18]
2026-03-09 08:58:42 [main] INFO  o.s.b.w.c.s.WebApplicationContextInitializer - Root WebApplicationContext: initialization completed in 2719 ms
2026-03-09 08:58:42 [main] INFO  org.hibernate.orm.jpa - HHH008540: Processing PersistenceUnitInfo [name: default]
2026-03-09 08:58:42 [main] INFO  org.hibernate.orm.core - HHH000001: Hibernate ORM core version 7.2.4.Final
2026-03-09 08:58:43 [main] INFO  o.s.o.j.p.SpringPersistenceUnitInfo - No LoadTimeWeaver setup: ignoring JPA class transformer
2026-03-09 08:58:43 [main] INFO  com.zaxxer.hikari.HikariDataSource - HikariPool-1 - Starting...
2026-03-09 08:58:44 [main] INFO  com.zaxxer.hikari.pool.HikariPool - HikariPool-1 - Added connection com.mysql.cj.jdbc.ConnectionImpl@6f785a27
2026-03-09 08:58:44 [main] INFO  com.zaxxer.hikari.HikariDataSource - HikariPool-1 - Start completed.
2026-03-09 08:58:44 [main] INFO  o.hibernate.orm.connections.pooling - HHH10001005: Database info:
	Database JDBC URL [jdbc:mysql://localhost:3306/pocbank]
	Database driver: MySQL Connector/J
	Database dialect: MySQLDialect
	Database version: 8.0.45
	Default catalog/schema: pocbank/undefined
	Autocommit mode: undefined/unknown
	Isolation level: REPEATABLE_READ [default REPEATABLE_READ]
	JDBC fetch size: none
	Pool: DataSourceConnectionProvider
	Minimum pool size: undefined/unknown
	Maximum pool size: undefined/unknown
2026-03-09 08:58:46 [main] INFO  org.hibernate.orm.core - HHH000489: No JTA platform available (set 'hibernate.transaction.jta.platform' to enable JTA platform integration)
2026-03-09 08:58:46 [main] INFO  o.s.o.j.LocalContainerEntityManagerFactoryBean - Initialized JPA EntityManagerFactory for persistence unit 'default'
2026-03-09 08:58:46 [main] INFO  o.s.d.j.r.q.QueryEnhancerFactories - Hibernate is in classpath; If applicable, HQL parser will be used.
2026-03-09 08:58:46 [main] WARN  o.s.b.j.a.JpaBaseConfiguration$JpaWebConfiguration - spring.jpa.open-in-view is enabled by default. Therefore, database queries may be performed during view rendering. Explicitly configure spring.jpa.open-in-view to disable this warning
2026-03-09 08:58:47 [main] INFO  o.a.coyote.http11.Http11NioProtocol - Starting ProtocolHandler ["http-nio-8082"]
2026-03-09 08:58:47 [main] INFO  o.s.boot.tomcat.TomcatWebServer - Tomcat started on port 8082 (http) with context path '/'
2026-03-09 08:58:47 [main] INFO  o.a.k.common.config.AbstractConfig - ConsumerConfig values: 
	allow.auto.create.topics = true
	auto.commit.interval.ms = 5000
	auto.offset.reset = earliest
	bootstrap.servers = [localhost:9092]
	check.crcs = true
	client.dns.lookup = use_all_dns_ips
	client.id = consumer-email-consumer-group-1
	client.rack = 
	connections.max.idle.ms = 540000
	default.api.timeout.ms = 60000
	enable.auto.commit = false
	enable.metrics.push = true
	exclude.internal.topics = true
	fetch.max.bytes = 52428800
	fetch.max.wait.ms = 500
	fetch.min.bytes = 1
	group.id = email-consumer-group
	group.instance.id = null
	group.protocol = classic
	group.remote.assignor = null
	heartbeat.interval.ms = 3000
	interceptor.classes = []
	internal.leave.group.on.close = true
	internal.throw.on.fetch.stable.offset.unsupported = false
	isolation.level = read_uncommitted
	key.deserializer = class org.apache.kafka.common.serialization.StringDeserializer
	max.partition.fetch.bytes = 1048576
	max.poll.interval.ms = 300000
	max.poll.records = 500
	metadata.max.age.ms = 300000
	metadata.recovery.rebootstrap.trigger.ms = 300000
	metadata.recovery.strategy = rebootstrap
	metric.reporters = [org.apache.kafka.common.metrics.JmxReporter]
	metrics.num.samples = 2
	metrics.recording.level = INFO
	metrics.sample.window.ms = 30000
	partition.assignment.strategy = [class org.apache.kafka.clients.consumer.RangeAssignor, class org.apache.kafka.clients.consumer.CooperativeStickyAssignor]
	receive.buffer.bytes = 65536
	reconnect.backoff.max.ms = 1000
	reconnect.backoff.ms = 50
	request.timeout.ms = 30000
	retry.backoff.max.ms = 1000
	retry.backoff.ms = 100
	sasl.client.callback.handler.class = null
	sasl.jaas.config = null
	sasl.kerberos.kinit.cmd = /usr/bin/kinit
	sasl.kerberos.min.time.before.relogin = 60000
	sasl.kerberos.service.name = null
	sasl.kerberos.ticket.renew.jitter = 0.05
	sasl.kerberos.ticket.renew.window.factor = 0.8
	sasl.login.callback.handler.class = null
	sasl.login.class = null
	sasl.login.connect.timeout.ms = null
	sasl.login.read.timeout.ms = null
	sasl.login.refresh.buffer.seconds = 300
	sasl.login.refresh.min.period.seconds = 60
	sasl.login.refresh.window.factor = 0.8
	sasl.login.refresh.window.jitter = 0.05
	sasl.login.retry.backoff.max.ms = 10000
	sasl.login.retry.backoff.ms = 100
	sasl.mechanism = GSSAPI
	sasl.oauthbearer.assertion.algorithm = RS256
	sasl.oauthbearer.assertion.claim.aud = null
	sasl.oauthbearer.assertion.claim.exp.seconds = 300
	sasl.oauthbearer.assertion.claim.iss = null
	sasl.oauthbearer.assertion.claim.jti.include = false
	sasl.oauthbearer.assertion.claim.nbf.seconds = 60
	sasl.oauthbearer.assertion.claim.sub = null
	sasl.oauthbearer.assertion.file = null
	sasl.oauthbearer.assertion.private.key.file = null
	sasl.oauthbearer.assertion.private.key.passphrase = null
	sasl.oauthbearer.assertion.template.file = null
	sasl.oauthbearer.client.credentials.client.id = null
	sasl.oauthbearer.client.credentials.client.secret = null
	sasl.oauthbearer.clock.skew.seconds = 30
	sasl.oauthbearer.expected.audience = null
	sasl.oauthbearer.expected.issuer = null
	sasl.oauthbearer.header.urlencode = false
	sasl.oauthbearer.jwks.endpoint.refresh.ms = 3600000
	sasl.oauthbearer.jwks.endpoint.retry.backoff.max.ms = 10000
	sasl.oauthbearer.jwks.endpoint.retry.backoff.ms = 100
	sasl.oauthbearer.jwks.endpoint.url = null
	sasl.oauthbearer.jwt.retriever.class = class org.apache.kafka.common.security.oauthbearer.DefaultJwtRetriever
	sasl.oauthbearer.jwt.validator.class = class org.apache.kafka.common.security.oauthbearer.DefaultJwtValidator
	sasl.oauthbearer.scope = null
	sasl.oauthbearer.scope.claim.name = scope
	sasl.oauthbearer.sub.claim.name = sub
	sasl.oauthbearer.token.endpoint.url = null
	security.protocol = PLAINTEXT
	security.providers = null
	send.buffer.bytes = 131072
	session.timeout.ms = 45000
	share.acknowledgement.mode = implicit
	socket.connection.setup.timeout.max.ms = 30000
	socket.connection.setup.timeout.ms = 10000
	ssl.cipher.suites = null
	ssl.enabled.protocols = [TLSv1.2, TLSv1.3]
	ssl.endpoint.identification.algorithm = https
	ssl.engine.factory.class = null
	ssl.key.password = null
	ssl.keymanager.algorithm = SunX509
	ssl.keystore.certificate.chain = null
	ssl.keystore.key = null
	ssl.keystore.location = null
	ssl.keystore.password = null
	ssl.keystore.type = JKS
	ssl.protocol = TLSv1.3
	ssl.provider = null
	ssl.secure.random.implementation = null
	ssl.trustmanager.algorithm = PKIX
	ssl.truststore.certificates = null
	ssl.truststore.location = null
	ssl.truststore.password = null
	ssl.truststore.type = JKS
	value.deserializer = class org.apache.kafka.common.serialization.StringDeserializer

2026-03-09 08:58:47 [main] INFO  o.a.k.c.t.i.KafkaMetricsCollector - initializing Kafka metrics collector
2026-03-09 08:58:48 [main] INFO  o.a.kafka.common.utils.AppInfoParser - Kafka version: 4.1.1
2026-03-09 08:58:48 [main] INFO  o.a.kafka.common.utils.AppInfoParser - Kafka commitId: be816b82d25370ce
2026-03-09 08:58:48 [main] INFO  o.a.kafka.common.utils.AppInfoParser - Kafka startTimeMs: 1773026928015
2026-03-09 08:58:48 [main] INFO  o.a.k.c.c.i.ClassicKafkaConsumer - [Consumer clientId=consumer-email-consumer-group-1, groupId=email-consumer-group] Subscribed to topic(s): notifications.events
2026-03-09 08:58:48 [main] INFO  o.a.k.common.config.AbstractConfig - ConsumerConfig values: 
	allow.auto.create.topics = true
	auto.commit.interval.ms = 5000
	auto.offset.reset = earliest
	bootstrap.servers = [localhost:9092]
	check.crcs = true
	client.dns.lookup = use_all_dns_ips
	client.id = consumer-sms-consumer-group-2
	client.rack = 
	connections.max.idle.ms = 540000
	default.api.timeout.ms = 60000
	enable.auto.commit = false
	enable.metrics.push = true
	exclude.internal.topics = true
	fetch.max.bytes = 52428800
	fetch.max.wait.ms = 500
	fetch.min.bytes = 1
	group.id = sms-consumer-group
	group.instance.id = null
	group.protocol = classic
	group.remote.assignor = null
	heartbeat.interval.ms = 3000
	interceptor.classes = []
	internal.leave.group.on.close = true
	internal.throw.on.fetch.stable.offset.unsupported = false
	isolation.level = read_uncommitted
	key.deserializer = class org.apache.kafka.common.serialization.StringDeserializer
	max.partition.fetch.bytes = 1048576
	max.poll.interval.ms = 300000
	max.poll.records = 500
	metadata.max.age.ms = 300000
	metadata.recovery.rebootstrap.trigger.ms = 300000
	metadata.recovery.strategy = rebootstrap
	metric.reporters = [org.apache.kafka.common.metrics.JmxReporter]
	metrics.num.samples = 2
	metrics.recording.level = INFO
	metrics.sample.window.ms = 30000
	partition.assignment.strategy = [class org.apache.kafka.clients.consumer.RangeAssignor, class org.apache.kafka.clients.consumer.CooperativeStickyAssignor]
	receive.buffer.bytes = 65536
	reconnect.backoff.max.ms = 1000
	reconnect.backoff.ms = 50
	request.timeout.ms = 30000
	retry.backoff.max.ms = 1000
	retry.backoff.ms = 100
	sasl.client.callback.handler.class = null
	sasl.jaas.config = null
	sasl.kerberos.kinit.cmd = /usr/bin/kinit
	sasl.kerberos.min.time.before.relogin = 60000
	sasl.kerberos.service.name = null
	sasl.kerberos.ticket.renew.jitter = 0.05
	sasl.kerberos.ticket.renew.window.factor = 0.8
	sasl.login.callback.handler.class = null
	sasl.login.class = null
	sasl.login.connect.timeout.ms = null
	sasl.login.read.timeout.ms = null
	sasl.login.refresh.buffer.seconds = 300
	sasl.login.refresh.min.period.seconds = 60
	sasl.login.refresh.window.factor = 0.8
	sasl.login.refresh.window.jitter = 0.05
	sasl.login.retry.backoff.max.ms = 10000
	sasl.login.retry.backoff.ms = 100
	sasl.mechanism = GSSAPI
	sasl.oauthbearer.assertion.algorithm = RS256
	sasl.oauthbearer.assertion.claim.aud = null
	sasl.oauthbearer.assertion.claim.exp.seconds = 300
	sasl.oauthbearer.assertion.claim.iss = null
	sasl.oauthbearer.assertion.claim.jti.include = false
	sasl.oauthbearer.assertion.claim.nbf.seconds = 60
	sasl.oauthbearer.assertion.claim.sub = null
	sasl.oauthbearer.assertion.file = null
	sasl.oauthbearer.assertion.private.key.file = null
	sasl.oauthbearer.assertion.private.key.passphrase = null
	sasl.oauthbearer.assertion.template.file = null
	sasl.oauthbearer.client.credentials.client.id = null
	sasl.oauthbearer.client.credentials.client.secret = null
	sasl.oauthbearer.clock.skew.seconds = 30
	sasl.oauthbearer.expected.audience = null
	sasl.oauthbearer.expected.issuer = null
	sasl.oauthbearer.header.urlencode = false
	sasl.oauthbearer.jwks.endpoint.refresh.ms = 3600000
	sasl.oauthbearer.jwks.endpoint.retry.backoff.max.ms = 10000
	sasl.oauthbearer.jwks.endpoint.retry.backoff.ms = 100
	sasl.oauthbearer.jwks.endpoint.url = null
	sasl.oauthbearer.jwt.retriever.class = class org.apache.kafka.common.security.oauthbearer.DefaultJwtRetriever
	sasl.oauthbearer.jwt.validator.class = class org.apache.kafka.common.security.oauthbearer.DefaultJwtValidator
	sasl.oauthbearer.scope = null
	sasl.oauthbearer.scope.claim.name = scope
	sasl.oauthbearer.sub.claim.name = sub
	sasl.oauthbearer.token.endpoint.url = null
	security.protocol = PLAINTEXT
	security.providers = null
	send.buffer.bytes = 131072
	session.timeout.ms = 45000
	share.acknowledgement.mode = implicit
	socket.connection.setup.timeout.max.ms = 30000
	socket.connection.setup.timeout.ms = 10000
	ssl.cipher.suites = null
	ssl.enabled.protocols = [TLSv1.2, TLSv1.3]
	ssl.endpoint.identification.algorithm = https
	ssl.engine.factory.class = null
	ssl.key.password = null
	ssl.keymanager.algorithm = SunX509
	ssl.keystore.certificate.chain = null
	ssl.keystore.key = null
	ssl.keystore.location = null
	ssl.keystore.password = null
	ssl.keystore.type = JKS
	ssl.protocol = TLSv1.3
	ssl.provider = null
	ssl.secure.random.implementation = null
	ssl.trustmanager.algorithm = PKIX
	ssl.truststore.certificates = null
	ssl.truststore.location = null
	ssl.truststore.password = null
	ssl.truststore.type = JKS
	value.deserializer = class org.apache.kafka.common.serialization.StringDeserializer

2026-03-09 08:58:48 [main] INFO  o.a.k.c.t.i.KafkaMetricsCollector - initializing Kafka metrics collector
2026-03-09 08:58:48 [main] INFO  o.a.kafka.common.utils.AppInfoParser - Kafka version: 4.1.1
2026-03-09 08:58:48 [main] INFO  o.a.kafka.common.utils.AppInfoParser - Kafka commitId: be816b82d25370ce
2026-03-09 08:58:48 [main] INFO  o.a.kafka.common.utils.AppInfoParser - Kafka startTimeMs: 1773026928070
2026-03-09 08:58:48 [main] INFO  o.a.k.c.c.i.ClassicKafkaConsumer - [Consumer clientId=consumer-sms-consumer-group-2, groupId=sms-consumer-group] Subscribed to topic(s): notifications.events
2026-03-09 08:58:48 [main] INFO  c.p.alerts.ConsumerSetupApplication - Started ConsumerSetupApplication in 10.15 seconds (process running for 11.425)
2026-03-09 08:58:49 [org.springframework.kafka.KafkaListenerEndpointContainer#0-0-C-1] INFO  org.apache.kafka.clients.Metadata - [Consumer clientId=consumer-email-consumer-group-1, groupId=email-consumer-group] Cluster ID: MkU3OEVBNTcwNTJENDM2Qg
2026-03-09 08:58:49 [org.springframework.kafka.KafkaListenerEndpointContainer#1-0-C-1] INFO  org.apache.kafka.clients.Metadata - [Consumer clientId=consumer-sms-consumer-group-2, groupId=sms-consumer-group] Cluster ID: MkU3OEVBNTcwNTJENDM2Qg
2026-03-09 08:58:49 [org.springframework.kafka.KafkaListenerEndpointContainer#0-0-C-1] INFO  o.a.k.c.c.i.ConsumerCoordinator - [Consumer clientId=consumer-email-consumer-group-1, groupId=email-consumer-group] Discovered group coordinator localhost:9092 (id: 2147483646 rack: null isFenced: false)
2026-03-09 08:58:49 [org.springframework.kafka.KafkaListenerEndpointContainer#1-0-C-1] INFO  o.a.k.c.c.i.ConsumerCoordinator - [Consumer clientId=consumer-sms-consumer-group-2, groupId=sms-consumer-group] Discovered group coordinator localhost:9092 (id: 2147483646 rack: null isFenced: false)
2026-03-09 08:58:49 [org.springframework.kafka.KafkaListenerEndpointContainer#1-0-C-1] INFO  o.a.k.c.c.i.ConsumerCoordinator - [Consumer clientId=consumer-sms-consumer-group-2, groupId=sms-consumer-group] (Re-)joining group
2026-03-09 08:58:49 [org.springframework.kafka.KafkaListenerEndpointContainer#0-0-C-1] INFO  o.a.k.c.c.i.ConsumerCoordinator - [Consumer clientId=consumer-email-consumer-group-1, groupId=email-consumer-group] (Re-)joining group
2026-03-09 08:58:49 [org.springframework.kafka.KafkaListenerEndpointContainer#1-0-C-1] INFO  o.a.k.c.c.i.ConsumerCoordinator - [Consumer clientId=consumer-sms-consumer-group-2, groupId=sms-consumer-group] Group coordinator localhost:9092 (id: 2147483646 rack: null isFenced: false) is unavailable or invalid due to cause: error response NOT_COORDINATOR. isDisconnected: false. Rediscovery will be attempted.
2026-03-09 08:58:49 [org.springframework.kafka.KafkaListenerEndpointContainer#1-0-C-1] INFO  o.a.k.c.c.i.ConsumerCoordinator - [Consumer clientId=consumer-sms-consumer-group-2, groupId=sms-consumer-group] Requesting disconnect from last known coordinator localhost:9092 (id: 2147483646 rack: null isFenced: false)
2026-03-09 08:58:49 [org.springframework.kafka.KafkaListenerEndpointContainer#0-0-C-1] INFO  o.a.k.c.c.i.ConsumerCoordinator - [Consumer clientId=consumer-email-consumer-group-1, groupId=email-consumer-group] Group coordinator localhost:9092 (id: 2147483646 rack: null isFenced: false) is unavailable or invalid due to cause: error response NOT_COORDINATOR. isDisconnected: false. Rediscovery will be attempted.
2026-03-09 08:58:49 [org.springframework.kafka.KafkaListenerEndpointContainer#0-0-C-1] INFO  o.a.k.c.c.i.ConsumerCoordinator - [Consumer clientId=consumer-email-consumer-group-1, groupId=email-consumer-group] Requesting disconnect from last known coordinator localhost:9092 (id: 2147483646 rack: null isFenced: false)
2026-03-09 08:58:49 [org.springframework.kafka.KafkaListenerEndpointContainer#0-0-C-1] INFO  o.a.k.c.c.i.ConsumerCoordinator - [Consumer clientId=consumer-email-consumer-group-1, groupId=email-consumer-group] JoinGroup failed: This is not the correct coordinator. Marking coordinator unknown. Sent generation was Generation{generationId=-1, memberId='', protocol='null'}
2026-03-09 08:58:49 [org.springframework.kafka.KafkaListenerEndpointContainer#1-0-C-1] INFO  o.a.k.c.c.i.ConsumerCoordinator - [Consumer clientId=consumer-sms-consumer-group-2, groupId=sms-consumer-group] JoinGroup failed: This is not the correct coordinator. Marking coordinator unknown. Sent generation was Generation{generationId=-1, memberId='', protocol='null'}
2026-03-09 08:58:49 [org.springframework.kafka.KafkaListenerEndpointContainer#0-0-C-1] INFO  o.apache.kafka.clients.NetworkClient - [Consumer clientId=consumer-email-consumer-group-1, groupId=email-consumer-group] Client requested disconnect from node 2147483646
2026-03-09 08:58:49 [org.springframework.kafka.KafkaListenerEndpointContainer#1-0-C-1] INFO  o.apache.kafka.clients.NetworkClient - [Consumer clientId=consumer-sms-consumer-group-2, groupId=sms-consumer-group] Client requested disconnect from node 2147483646
2026-03-09 08:58:49 [org.springframework.kafka.KafkaListenerEndpointContainer#1-0-C-1] INFO  o.a.k.c.c.i.ConsumerCoordinator - [Consumer clientId=consumer-sms-consumer-group-2, groupId=sms-consumer-group] Discovered group coordinator localhost:9092 (id: 2147483646 rack: null isFenced: false)
2026-03-09 08:58:49 [org.springframework.kafka.KafkaListenerEndpointContainer#0-0-C-1] INFO  o.a.k.c.c.i.ConsumerCoordinator - [Consumer clientId=consumer-email-consumer-group-1, groupId=email-consumer-group] Discovered group coordinator localhost:9092 (id: 2147483646 rack: null isFenced: false)
2026-03-09 08:58:49 [org.springframework.kafka.KafkaListenerEndpointContainer#0-0-C-1] INFO  o.a.k.c.c.i.ConsumerCoordinator - [Consumer clientId=consumer-email-consumer-group-1, groupId=email-consumer-group] Group coordinator localhost:9092 (id: 2147483646 rack: null isFenced: false) is unavailable or invalid due to cause: coordinator unavailable. isDisconnected: false. Rediscovery will be attempted.
2026-03-09 08:58:49 [org.springframework.kafka.KafkaListenerEndpointContainer#0-0-C-1] INFO  o.a.k.c.c.i.ConsumerCoordinator - [Consumer clientId=consumer-email-consumer-group-1, groupId=email-consumer-group] Requesting disconnect from last known coordinator localhost:9092 (id: 2147483646 rack: null isFenced: false)
2026-03-09 08:58:49 [org.springframework.kafka.KafkaListenerEndpointContainer#1-0-C-1] INFO  o.a.k.c.c.i.ConsumerCoordinator - [Consumer clientId=consumer-sms-consumer-group-2, groupId=sms-consumer-group] Group coordinator localhost:9092 (id: 2147483646 rack: null isFenced: false) is unavailable or invalid due to cause: coordinator unavailable. isDisconnected: false. Rediscovery will be attempted.
2026-03-09 08:58:49 [org.springframework.kafka.KafkaListenerEndpointContainer#1-0-C-1] INFO  o.a.k.c.c.i.ConsumerCoordinator - [Consumer clientId=consumer-sms-consumer-group-2, groupId=sms-consumer-group] Requesting disconnect from last known coordinator localhost:9092 (id: 2147483646 rack: null isFenced: false)
2026-03-09 08:58:49 [org.springframework.kafka.KafkaListenerEndpointContainer#1-0-C-1] INFO  o.a.k.c.c.i.ConsumerCoordinator - [Consumer clientId=consumer-sms-consumer-group-2, groupId=sms-consumer-group] Discovered group coordinator localhost:9092 (id: 2147483646 rack: null isFenced: false)
2026-03-09 08:58:49 [org.springframework.kafka.KafkaListenerEndpointContainer#1-0-C-1] INFO  o.a.k.c.c.i.ConsumerCoordinator - [Consumer clientId=consumer-sms-consumer-group-2, groupId=sms-consumer-group] Request joining group due to: rebalance failed due to 'This is not the correct coordinator.' (NotCoordinatorException)
2026-03-09 08:58:49 [org.springframework.kafka.KafkaListenerEndpointContainer#0-0-C-1] INFO  o.a.k.c.c.i.ConsumerCoordinator - [Consumer clientId=consumer-email-consumer-group-1, groupId=email-consumer-group] Discovered group coordinator localhost:9092 (id: 2147483646 rack: null isFenced: false)
2026-03-09 08:58:49 [org.springframework.kafka.KafkaListenerEndpointContainer#1-0-C-1] INFO  o.a.k.c.c.i.ConsumerCoordinator - [Consumer clientId=consumer-sms-consumer-group-2, groupId=sms-consumer-group] (Re-)joining group
2026-03-09 08:58:49 [org.springframework.kafka.KafkaListenerEndpointContainer#0-0-C-1] INFO  o.a.k.c.c.i.ConsumerCoordinator - [Consumer clientId=consumer-email-consumer-group-1, groupId=email-consumer-group] Request joining group due to: rebalance failed due to 'This is not the correct coordinator.' (NotCoordinatorException)
2026-03-09 08:58:49 [org.springframework.kafka.KafkaListenerEndpointContainer#0-0-C-1] INFO  o.a.k.c.c.i.ConsumerCoordinator - [Consumer clientId=consumer-email-consumer-group-1, groupId=email-consumer-group] (Re-)joining group
2026-03-09 08:58:49 [org.springframework.kafka.KafkaListenerEndpointContainer#1-0-C-1] INFO  o.a.k.c.c.i.ConsumerCoordinator - [Consumer clientId=consumer-sms-consumer-group-2, groupId=sms-consumer-group] Group coordinator localhost:9092 (id: 2147483646 rack: null isFenced: false) is unavailable or invalid due to cause: error response NOT_COORDINATOR. isDisconnected: false. Rediscovery will be attempted.
2026-03-09 08:58:49 [org.springframework.kafka.KafkaListenerEndpointContainer#1-0-C-1] INFO  o.a.k.c.c.i.ConsumerCoordinator - [Consumer clientId=consumer-sms-consumer-group-2, groupId=sms-consumer-group] Requesting disconnect from last known coordinator localhost:9092 (id: 2147483646 rack: null isFenced: false)
2026-03-09 08:58:49 [org.springframework.kafka.KafkaListenerEndpointContainer#1-0-C-1] INFO  o.a.k.c.c.i.ConsumerCoordinator - [Consumer clientId=consumer-sms-consumer-group-2, groupId=sms-consumer-group] JoinGroup failed: This is not the correct coordinator. Marking coordinator unknown. Sent generation was Generation{generationId=-1, memberId='', protocol='null'}
2026-03-09 08:58:49 [org.springframework.kafka.KafkaListenerEndpointContainer#1-0-C-1] INFO  o.apache.kafka.clients.NetworkClient - [Consumer clientId=consumer-sms-consumer-group-2, groupId=sms-consumer-group] Client requested disconnect from node 2147483646
2026-03-09 08:58:49 [org.springframework.kafka.KafkaListenerEndpointContainer#0-0-C-1] INFO  o.a.k.c.c.i.ConsumerCoordinator - [Consumer clientId=consumer-email-consumer-group-1, groupId=email-consumer-group] Group coordinator localhost:9092 (id: 2147483646 rack: null isFenced: false) is unavailable or invalid due to cause: error response NOT_COORDINATOR. isDisconnected: false. Rediscovery will be attempted.
2026-03-09 08:58:49 [org.springframework.kafka.KafkaListenerEndpointContainer#0-0-C-1] INFO  o.a.k.c.c.i.ConsumerCoordinator - [Consumer clientId=consumer-email-consumer-group-1, groupId=email-consumer-group] Requesting disconnect from last known coordinator localhost:9092 (id: 2147483646 rack: null isFenced: false)
2026-03-09 08:58:49 [org.springframework.kafka.KafkaListenerEndpointContainer#0-0-C-1] INFO  o.a.k.c.c.i.ConsumerCoordinator - [Consumer clientId=consumer-email-consumer-group-1, groupId=email-consumer-group] JoinGroup failed: This is not the correct coordinator. Marking coordinator unknown. Sent generation was Generation{generationId=-1, memberId='', protocol='null'}
2026-03-09 08:58:49 [org.springframework.kafka.KafkaListenerEndpointContainer#0-0-C-1] INFO  o.apache.kafka.clients.NetworkClient - [Consumer clientId=consumer-email-consumer-group-1, groupId=email-consumer-group] Client requested disconnect from node 2147483646
2026-03-09 08:58:49 [org.springframework.kafka.KafkaListenerEndpointContainer#1-0-C-1] INFO  o.a.k.c.c.i.ConsumerCoordinator - [Consumer clientId=consumer-sms-consumer-group-2, groupId=sms-consumer-group] Discovered group coordinator localhost:9092 (id: 2147483646 rack: null isFenced: false)
2026-03-09 08:58:49 [org.springframework.kafka.KafkaListenerEndpointContainer#1-0-C-1] INFO  o.a.k.c.c.i.ConsumerCoordinator - [Consumer clientId=consumer-sms-consumer-group-2, groupId=sms-consumer-group] Group coordinator localhost:9092 (id: 2147483646 rack: null isFenced: false) is unavailable or invalid due to cause: coordinator unavailable. isDisconnected: false. Rediscovery will be attempted.
2026-03-09 08:58:49 [org.springframework.kafka.KafkaListenerEndpointContainer#1-0-C-1] INFO  o.a.k.c.c.i.ConsumerCoordinator - [Consumer clientId=consumer-sms-consumer-group-2, groupId=sms-consumer-group] Requesting disconnect from last known coordinator localhost:9092 (id: 2147483646 rack: null isFenced: false)
2026-03-09 08:58:49 [org.springframework.kafka.KafkaListenerEndpointContainer#0-0-C-1] INFO  o.a.k.c.c.i.ConsumerCoordinator - [Consumer clientId=consumer-email-consumer-group-1, groupId=email-consumer-group] Discovered group coordinator localhost:9092 (id: 2147483646 rack: null isFenced: false)
2026-03-09 08:58:49 [org.springframework.kafka.KafkaListenerEndpointContainer#0-0-C-1] INFO  o.a.k.c.c.i.ConsumerCoordinator - [Consumer clientId=consumer-email-consumer-group-1, groupId=email-consumer-group] Group coordinator localhost:9092 (id: 2147483646 rack: null isFenced: false) is unavailable or invalid due to cause: coordinator unavailable. isDisconnected: false. Rediscovery will be attempted.
2026-03-09 08:58:49 [org.springframework.kafka.KafkaListenerEndpointContainer#0-0-C-1] INFO  o.a.k.c.c.i.ConsumerCoordinator - [Consumer clientId=consumer-email-consumer-group-1, groupId=email-consumer-group] Requesting disconnect from last known coordinator localhost:9092 (id: 2147483646 rack: null isFenced: false)
2026-03-09 08:58:49 [org.springframework.kafka.KafkaListenerEndpointContainer#1-0-C-1] INFO  o.a.k.c.c.i.ConsumerCoordinator - [Consumer clientId=consumer-sms-consumer-group-2, groupId=sms-consumer-group] Discovered group coordinator localhost:9092 (id: 2147483646 rack: null isFenced: false)
2026-03-09 08:58:49 [org.springframework.kafka.KafkaListenerEndpointContainer#1-0-C-1] INFO  o.a.k.c.c.i.ConsumerCoordinator - [Consumer clientId=consumer-sms-consumer-group-2, groupId=sms-consumer-group] Request joining group due to: rebalance failed due to 'This is not the correct coordinator.' (NotCoordinatorException)
2026-03-09 08:58:49 [org.springframework.kafka.KafkaListenerEndpointContainer#1-0-C-1] INFO  o.a.k.c.c.i.ConsumerCoordinator - [Consumer clientId=consumer-sms-consumer-group-2, groupId=sms-consumer-group] (Re-)joining group
2026-03-09 08:58:49 [org.springframework.kafka.KafkaListenerEndpointContainer#0-0-C-1] INFO  o.a.k.c.c.i.ConsumerCoordinator - [Consumer clientId=consumer-email-consumer-group-1, groupId=email-consumer-group] Discovered group coordinator localhost:9092 (id: 2147483646 rack: null isFenced: false)
2026-03-09 08:58:49 [org.springframework.kafka.KafkaListenerEndpointContainer#0-0-C-1] INFO  o.a.k.c.c.i.ConsumerCoordinator - [Consumer clientId=consumer-email-consumer-group-1, groupId=email-consumer-group] Request joining group due to: rebalance failed due to 'This is not the correct coordinator.' (NotCoordinatorException)
2026-03-09 08:58:49 [org.springframework.kafka.KafkaListenerEndpointContainer#0-0-C-1] INFO  o.a.k.c.c.i.ConsumerCoordinator - [Consumer clientId=consumer-email-consumer-group-1, groupId=email-consumer-group] (Re-)joining group
2026-03-09 08:58:49 [org.springframework.kafka.KafkaListenerEndpointContainer#1-0-C-1] INFO  o.a.k.c.c.i.ConsumerCoordinator - [Consumer clientId=consumer-sms-consumer-group-2, groupId=sms-consumer-group] Request joining group due to: need to re-join with the given member-id: consumer-sms-consumer-group-2-e0c2d0c3-da4a-4b65-b93d-07e6311cc516
2026-03-09 08:58:49 [org.springframework.kafka.KafkaListenerEndpointContainer#0-0-C-1] INFO  o.a.k.c.c.i.ConsumerCoordinator - [Consumer clientId=consumer-email-consumer-group-1, groupId=email-consumer-group] Request joining group due to: need to re-join with the given member-id: consumer-email-consumer-group-1-6409232d-f225-4747-b314-c4a62e388463
2026-03-09 08:58:49 [org.springframework.kafka.KafkaListenerEndpointContainer#1-0-C-1] INFO  o.a.k.c.c.i.ConsumerCoordinator - [Consumer clientId=consumer-sms-consumer-group-2, groupId=sms-consumer-group] (Re-)joining group
2026-03-09 08:58:49 [org.springframework.kafka.KafkaListenerEndpointContainer#0-0-C-1] INFO  o.a.k.c.c.i.ConsumerCoordinator - [Consumer clientId=consumer-email-consumer-group-1, groupId=email-consumer-group] (Re-)joining group
2026-03-09 08:58:49 [org.springframework.kafka.KafkaListenerEndpointContainer#1-0-C-1] INFO  o.a.k.c.c.i.ConsumerCoordinator - [Consumer clientId=consumer-sms-consumer-group-2, groupId=sms-consumer-group] Successfully joined group with generation Generation{generationId=1, memberId='consumer-sms-consumer-group-2-e0c2d0c3-da4a-4b65-b93d-07e6311cc516', protocol='range'}
2026-03-09 08:58:49 [org.springframework.kafka.KafkaListenerEndpointContainer#0-0-C-1] INFO  o.a.k.c.c.i.ConsumerCoordinator - [Consumer clientId=consumer-email-consumer-group-1, groupId=email-consumer-group] Successfully joined group with generation Generation{generationId=1, memberId='consumer-email-consumer-group-1-6409232d-f225-4747-b314-c4a62e388463', protocol='range'}
2026-03-09 08:58:49 [org.springframework.kafka.KafkaListenerEndpointContainer#1-0-C-1] INFO  o.a.k.c.c.i.ConsumerCoordinator - [Consumer clientId=consumer-sms-consumer-group-2, groupId=sms-consumer-group] Finished assignment for group at generation 1: {consumer-sms-consumer-group-2-e0c2d0c3-da4a-4b65-b93d-07e6311cc516=Assignment(partitions=[notifications.events-0, notifications.events-1, notifications.events-2, notifications.events-3, notifications.events-4, notifications.events-5, notifications.events-6, notifications.events-7])}
2026-03-09 08:58:49 [org.springframework.kafka.KafkaListenerEndpointContainer#0-0-C-1] INFO  o.a.k.c.c.i.ConsumerCoordinator - [Consumer clientId=consumer-email-consumer-group-1, groupId=email-consumer-group] Finished assignment for group at generation 1: {consumer-email-consumer-group-1-6409232d-f225-4747-b314-c4a62e388463=Assignment(partitions=[notifications.events-0, notifications.events-1, notifications.events-2, notifications.events-3, notifications.events-4, notifications.events-5, notifications.events-6, notifications.events-7])}
2026-03-09 08:58:49 [org.springframework.kafka.KafkaListenerEndpointContainer#0-0-C-1] INFO  o.a.k.c.c.i.ConsumerCoordinator - [Consumer clientId=consumer-email-consumer-group-1, groupId=email-consumer-group] Successfully synced group in generation Generation{generationId=1, memberId='consumer-email-consumer-group-1-6409232d-f225-4747-b314-c4a62e388463', protocol='range'}
2026-03-09 08:58:49 [org.springframework.kafka.KafkaListenerEndpointContainer#1-0-C-1] INFO  o.a.k.c.c.i.ConsumerCoordinator - [Consumer clientId=consumer-sms-consumer-group-2, groupId=sms-consumer-group] Successfully synced group in generation Generation{generationId=1, memberId='consumer-sms-consumer-group-2-e0c2d0c3-da4a-4b65-b93d-07e6311cc516', protocol='range'}
2026-03-09 08:58:49 [org.springframework.kafka.KafkaListenerEndpointContainer#0-0-C-1] INFO  o.a.k.c.c.i.ConsumerCoordinator - [Consumer clientId=consumer-email-consumer-group-1, groupId=email-consumer-group] Notifying assignor about the new Assignment(partitions=[notifications.events-0, notifications.events-1, notifications.events-2, notifications.events-3, notifications.events-4, notifications.events-5, notifications.events-6, notifications.events-7])
2026-03-09 08:58:49 [org.springframework.kafka.KafkaListenerEndpointContainer#1-0-C-1] INFO  o.a.k.c.c.i.ConsumerCoordinator - [Consumer clientId=consumer-sms-consumer-group-2, groupId=sms-consumer-group] Notifying assignor about the new Assignment(partitions=[notifications.events-0, notifications.events-1, notifications.events-2, notifications.events-3, notifications.events-4, notifications.events-5, notifications.events-6, notifications.events-7])
2026-03-09 08:58:49 [org.springframework.kafka.KafkaListenerEndpointContainer#0-0-C-1] INFO  o.a.k.c.c.i.ConsumerRebalanceListenerInvoker - [Consumer clientId=consumer-email-consumer-group-1, groupId=email-consumer-group] Adding newly assigned partitions: [notifications.events-0, notifications.events-1, notifications.events-2, notifications.events-3, notifications.events-4, notifications.events-5, notifications.events-6, notifications.events-7]
2026-03-09 08:58:49 [org.springframework.kafka.KafkaListenerEndpointContainer#1-0-C-1] INFO  o.a.k.c.c.i.ConsumerRebalanceListenerInvoker - [Consumer clientId=consumer-sms-consumer-group-2, groupId=sms-consumer-group] Adding newly assigned partitions: [notifications.events-0, notifications.events-1, notifications.events-2, notifications.events-3, notifications.events-4, notifications.events-5, notifications.events-6, notifications.events-7]
2026-03-09 08:58:49 [org.springframework.kafka.KafkaListenerEndpointContainer#1-0-C-1] INFO  o.a.k.c.c.i.ConsumerCoordinator - [Consumer clientId=consumer-sms-consumer-group-2, groupId=sms-consumer-group] Found no committed offset for partition notifications.events-0
2026-03-09 08:58:49 [org.springframework.kafka.KafkaListenerEndpointContainer#1-0-C-1] INFO  o.a.k.c.c.i.ConsumerCoordinator - [Consumer clientId=consumer-sms-consumer-group-2, groupId=sms-consumer-group] Found no committed offset for partition notifications.events-5
2026-03-09 08:58:49 [org.springframework.kafka.KafkaListenerEndpointContainer#1-0-C-1] INFO  o.a.k.c.c.i.ConsumerCoordinator - [Consumer clientId=consumer-sms-consumer-group-2, groupId=sms-consumer-group] Found no committed offset for partition notifications.events-4
2026-03-09 08:58:49 [org.springframework.kafka.KafkaListenerEndpointContainer#0-0-C-1] INFO  o.a.k.c.c.i.ConsumerCoordinator - [Consumer clientId=consumer-email-consumer-group-1, groupId=email-consumer-group] Found no committed offset for partition notifications.events-0
2026-03-09 08:58:49 [org.springframework.kafka.KafkaListenerEndpointContainer#1-0-C-1] INFO  o.a.k.c.c.i.ConsumerCoordinator - [Consumer clientId=consumer-sms-consumer-group-2, groupId=sms-consumer-group] Found no committed offset for partition notifications.events-3
2026-03-09 08:58:49 [org.springframework.kafka.KafkaListenerEndpointContainer#0-0-C-1] INFO  o.a.k.c.c.i.ConsumerCoordinator - [Consumer clientId=consumer-email-consumer-group-1, groupId=email-consumer-group] Found no committed offset for partition notifications.events-5
2026-03-09 08:58:49 [org.springframework.kafka.KafkaListenerEndpointContainer#1-0-C-1] INFO  o.a.k.c.c.i.ConsumerCoordinator - [Consumer clientId=consumer-sms-consumer-group-2, groupId=sms-consumer-group] Found no committed offset for partition notifications.events-7
2026-03-09 08:58:49 [org.springframework.kafka.KafkaListenerEndpointContainer#1-0-C-1] INFO  o.a.k.c.c.i.ConsumerCoordinator - [Consumer clientId=consumer-sms-consumer-group-2, groupId=sms-consumer-group] Found no committed offset for partition notifications.events-6
2026-03-09 08:58:49 [org.springframework.kafka.KafkaListenerEndpointContainer#0-0-C-1] INFO  o.a.k.c.c.i.ConsumerCoordinator - [Consumer clientId=consumer-email-consumer-group-1, groupId=email-consumer-group] Found no committed offset for partition notifications.events-4
2026-03-09 08:58:49 [org.springframework.kafka.KafkaListenerEndpointContainer#1-0-C-1] INFO  o.a.k.c.c.i.ConsumerCoordinator - [Consumer clientId=consumer-sms-consumer-group-2, groupId=sms-consumer-group] Found no committed offset for partition notifications.events-2
2026-03-09 08:58:49 [org.springframework.kafka.KafkaListenerEndpointContainer#0-0-C-1] INFO  o.a.k.c.c.i.ConsumerCoordinator - [Consumer clientId=consumer-email-consumer-group-1, groupId=email-consumer-group] Found no committed offset for partition notifications.events-3
2026-03-09 08:58:49 [org.springframework.kafka.KafkaListenerEndpointContainer#1-0-C-1] INFO  o.a.k.c.c.i.ConsumerCoordinator - [Consumer clientId=consumer-sms-consumer-group-2, groupId=sms-consumer-group] Found no committed offset for partition notifications.events-1
2026-03-09 08:58:49 [org.springframework.kafka.KafkaListenerEndpointContainer#0-0-C-1] INFO  o.a.k.c.c.i.ConsumerCoordinator - [Consumer clientId=consumer-email-consumer-group-1, groupId=email-consumer-group] Found no committed offset for partition notifications.events-7
2026-03-09 08:58:49 [org.springframework.kafka.KafkaListenerEndpointContainer#0-0-C-1] INFO  o.a.k.c.c.i.ConsumerCoordinator - [Consumer clientId=consumer-email-consumer-group-1, groupId=email-consumer-group] Found no committed offset for partition notifications.events-6
2026-03-09 08:58:49 [org.springframework.kafka.KafkaListenerEndpointContainer#0-0-C-1] INFO  o.a.k.c.c.i.ConsumerCoordinator - [Consumer clientId=consumer-email-consumer-group-1, groupId=email-consumer-group] Found no committed offset for partition notifications.events-2
2026-03-09 08:58:49 [org.springframework.kafka.KafkaListenerEndpointContainer#0-0-C-1] INFO  o.a.k.c.c.i.ConsumerCoordinator - [Consumer clientId=consumer-email-consumer-group-1, groupId=email-consumer-group] Found no committed offset for partition notifications.events-1
2026-03-09 08:58:49 [org.springframework.kafka.KafkaListenerEndpointContainer#0-0-C-1] INFO  o.a.k.c.c.i.SubscriptionState - [Consumer clientId=consumer-email-consumer-group-1, groupId=email-consumer-group] Resetting offset for partition notifications.events-0 to position FetchPosition{offset=0, offsetEpoch=Optional.empty, currentLeader=LeaderAndEpoch{leader=Optional[localhost:9092 (id: 1 rack: null isFenced: false)], epoch=0}}.
2026-03-09 08:58:49 [org.springframework.kafka.KafkaListenerEndpointContainer#1-0-C-1] INFO  o.a.k.c.c.i.SubscriptionState - [Consumer clientId=consumer-sms-consumer-group-2, groupId=sms-consumer-group] Resetting offset for partition notifications.events-0 to position FetchPosition{offset=0, offsetEpoch=Optional.empty, currentLeader=LeaderAndEpoch{leader=Optional[localhost:9092 (id: 1 rack: null isFenced: false)], epoch=0}}.
2026-03-09 08:58:49 [org.springframework.kafka.KafkaListenerEndpointContainer#1-0-C-1] INFO  o.a.k.c.c.i.SubscriptionState - [Consumer clientId=consumer-sms-consumer-group-2, groupId=sms-consumer-group] Resetting offset for partition notifications.events-6 to position FetchPosition{offset=0, offsetEpoch=Optional.empty, currentLeader=LeaderAndEpoch{leader=Optional[localhost:9092 (id: 1 rack: null isFenced: false)], epoch=0}}.
2026-03-09 08:58:49 [org.springframework.kafka.KafkaListenerEndpointContainer#0-0-C-1] INFO  o.a.k.c.c.i.SubscriptionState - [Consumer clientId=consumer-email-consumer-group-1, groupId=email-consumer-group] Resetting offset for partition notifications.events-6 to position FetchPosition{offset=0, offsetEpoch=Optional.empty, currentLeader=LeaderAndEpoch{leader=Optional[localhost:9092 (id: 1 rack: null isFenced: false)], epoch=0}}.
2026-03-09 08:58:49 [org.springframework.kafka.KafkaListenerEndpointContainer#0-0-C-1] INFO  o.a.k.c.c.i.SubscriptionState - [Consumer clientId=consumer-email-consumer-group-1, groupId=email-consumer-group] Resetting offset for partition notifications.events-5 to position FetchPosition{offset=0, offsetEpoch=Optional.empty, currentLeader=LeaderAndEpoch{leader=Optional[localhost:9092 (id: 1 rack: null isFenced: false)], epoch=0}}.
2026-03-09 08:58:49 [org.springframework.kafka.KafkaListenerEndpointContainer#1-0-C-1] INFO  o.a.k.c.c.i.SubscriptionState - [Consumer clientId=consumer-sms-consumer-group-2, groupId=sms-consumer-group] Resetting offset for partition notifications.events-5 to position FetchPosition{offset=0, offsetEpoch=Optional.empty, currentLeader=LeaderAndEpoch{leader=Optional[localhost:9092 (id: 1 rack: null isFenced: false)], epoch=0}}.
2026-03-09 08:58:49 [org.springframework.kafka.KafkaListenerEndpointContainer#0-0-C-1] INFO  o.a.k.c.c.i.SubscriptionState - [Consumer clientId=consumer-email-consumer-group-1, groupId=email-consumer-group] Resetting offset for partition notifications.events-7 to position FetchPosition{offset=0, offsetEpoch=Optional.empty, currentLeader=LeaderAndEpoch{leader=Optional[localhost:9092 (id: 1 rack: null isFenced: false)], epoch=0}}.
2026-03-09 08:58:49 [org.springframework.kafka.KafkaListenerEndpointContainer#1-0-C-1] INFO  o.a.k.c.c.i.SubscriptionState - [Consumer clientId=consumer-sms-consumer-group-2, groupId=sms-consumer-group] Resetting offset for partition notifications.events-7 to position FetchPosition{offset=0, offsetEpoch=Optional.empty, currentLeader=LeaderAndEpoch{leader=Optional[localhost:9092 (id: 1 rack: null isFenced: false)], epoch=0}}.
2026-03-09 08:58:49 [org.springframework.kafka.KafkaListenerEndpointContainer#0-0-C-1] INFO  o.a.k.c.c.i.SubscriptionState - [Consumer clientId=consumer-email-consumer-group-1, groupId=email-consumer-group] Resetting offset for partition notifications.events-2 to position FetchPosition{offset=0, offsetEpoch=Optional.empty, currentLeader=LeaderAndEpoch{leader=Optional[localhost:9092 (id: 1 rack: null isFenced: false)], epoch=0}}.
2026-03-09 08:58:49 [org.springframework.kafka.KafkaListenerEndpointContainer#1-0-C-1] INFO  o.a.k.c.c.i.SubscriptionState - [Consumer clientId=consumer-sms-consumer-group-2, groupId=sms-consumer-group] Resetting offset for partition notifications.events-2 to position FetchPosition{offset=0, offsetEpoch=Optional.empty, currentLeader=LeaderAndEpoch{leader=Optional[localhost:9092 (id: 1 rack: null isFenced: false)], epoch=0}}.
2026-03-09 08:58:49 [org.springframework.kafka.KafkaListenerEndpointContainer#0-0-C-1] INFO  o.a.k.c.c.i.SubscriptionState - [Consumer clientId=consumer-email-consumer-group-1, groupId=email-consumer-group] Resetting offset for partition notifications.events-1 to position FetchPosition{offset=0, offsetEpoch=Optional.empty, currentLeader=LeaderAndEpoch{leader=Optional[localhost:9092 (id: 1 rack: null isFenced: false)], epoch=0}}.
2026-03-09 08:58:49 [org.springframework.kafka.KafkaListenerEndpointContainer#1-0-C-1] INFO  o.a.k.c.c.i.SubscriptionState - [Consumer clientId=consumer-sms-consumer-group-2, groupId=sms-consumer-group] Resetting offset for partition notifications.events-1 to position FetchPosition{offset=0, offsetEpoch=Optional.empty, currentLeader=LeaderAndEpoch{leader=Optional[localhost:9092 (id: 1 rack: null isFenced: false)], epoch=0}}.
2026-03-09 08:58:49 [org.springframework.kafka.KafkaListenerEndpointContainer#1-0-C-1] INFO  o.a.k.c.c.i.SubscriptionState - [Consumer clientId=consumer-sms-consumer-group-2, groupId=sms-consumer-group] Resetting offset for partition notifications.events-4 to position FetchPosition{offset=0, offsetEpoch=Optional.empty, currentLeader=LeaderAndEpoch{leader=Optional[localhost:9092 (id: 1 rack: null isFenced: false)], epoch=0}}.
2026-03-09 08:58:49 [org.springframework.kafka.KafkaListenerEndpointContainer#0-0-C-1] INFO  o.a.k.c.c.i.SubscriptionState - [Consumer clientId=consumer-email-consumer-group-1, groupId=email-consumer-group] Resetting offset for partition notifications.events-4 to position FetchPosition{offset=0, offsetEpoch=Optional.empty, currentLeader=LeaderAndEpoch{leader=Optional[localhost:9092 (id: 1 rack: null isFenced: false)], epoch=0}}.
2026-03-09 08:58:49 [org.springframework.kafka.KafkaListenerEndpointContainer#1-0-C-1] INFO  o.a.k.c.c.i.SubscriptionState - [Consumer clientId=consumer-sms-consumer-group-2, groupId=sms-consumer-group] Resetting offset for partition notifications.events-3 to position FetchPosition{offset=0, offsetEpoch=Optional.empty, currentLeader=LeaderAndEpoch{leader=Optional[localhost:9092 (id: 1 rack: null isFenced: false)], epoch=0}}.
2026-03-09 08:58:49 [org.springframework.kafka.KafkaListenerEndpointContainer#0-0-C-1] INFO  o.a.k.c.c.i.SubscriptionState - [Consumer clientId=consumer-email-consumer-group-1, groupId=email-consumer-group] Resetting offset for partition notifications.events-3 to position FetchPosition{offset=0, offsetEpoch=Optional.empty, currentLeader=LeaderAndEpoch{leader=Optional[localhost:9092 (id: 1 rack: null isFenced: false)], epoch=0}}.
2026-03-09 08:58:49 [org.springframework.kafka.KafkaListenerEndpointContainer#0-0-C-1] INFO  o.s.k.l.KafkaMessageListenerContainer - email-consumer-group: partitions assigned: [notifications.events-0, notifications.events-1, notifications.events-2, notifications.events-3, notifications.events-4, notifications.events-5, notifications.events-6, notifications.events-7]
2026-03-09 08:58:49 [org.springframework.kafka.KafkaListenerEndpointContainer#1-0-C-1] INFO  o.s.k.l.KafkaMessageListenerContainer - sms-consumer-group: partitions assigned: [notifications.events-0, notifications.events-1, notifications.events-2, notifications.events-3, notifications.events-4, notifications.events-5, notifications.events-6, notifications.events-7]
2026-03-09 08:58:50 [org.springframework.kafka.KafkaListenerEndpointContainer#1-0-C-1] INFO  com.poc.alerts.consumer.SmsConsumer - =====================================================
2026-03-09 08:58:50 [org.springframework.kafka.KafkaListenerEndpointContainer#0-0-C-1] INFO  c.poc.alerts.consumer.EmailConsumer - --------------------------------------------------
2026-03-09 08:58:50 [org.springframework.kafka.KafkaListenerEndpointContainer#1-0-C-1] INFO  com.poc.alerts.consumer.SmsConsumer - SMS CONSUMER TRIGGERED
2026-03-09 08:58:50 [org.springframework.kafka.KafkaListenerEndpointContainer#0-0-C-1] INFO  c.poc.alerts.consumer.EmailConsumer - Kafka message received for EMAIL processing
2026-03-09 08:58:50 [org.springframework.kafka.KafkaListenerEndpointContainer#1-0-C-1] INFO  com.poc.alerts.consumer.SmsConsumer - Kafka message received from topic: notifications.events
2026-03-09 08:58:50 [org.springframework.kafka.KafkaListenerEndpointContainer#1-0-C-1] INFO  com.poc.alerts.consumer.SmsConsumer - Extracted MessageType from payload: SMS
2026-03-09 08:58:50 [org.springframework.kafka.KafkaListenerEndpointContainer#0-0-C-1] INFO  c.poc.alerts.consumer.EmailConsumer - Extracted MessageType from payload: SMS
2026-03-09 08:58:50 [org.springframework.kafka.KafkaListenerEndpointContainer#1-0-C-1] INFO  com.poc.alerts.consumer.SmsConsumer - Message eligible for SMS processing
2026-03-09 08:58:50 [org.springframework.kafka.KafkaListenerEndpointContainer#0-0-C-1] INFO  c.poc.alerts.consumer.EmailConsumer - MessageType is not EMAIL/BOTH. Skipping message
2026-03-09 08:58:50 [org.springframework.kafka.KafkaListenerEndpointContainer#1-0-C-1] INFO  com.poc.alerts.consumer.SmsConsumer - Saving message to AUDIT table
2026-03-09 08:58:50 [org.springframework.kafka.KafkaListenerEndpointContainer#0-0-C-1] INFO  c.poc.alerts.consumer.EmailConsumer - --------------------------------------------------
2026-03-09 08:58:50 [org.springframework.kafka.KafkaListenerEndpointContainer#0-0-C-1] INFO  c.poc.alerts.consumer.EmailConsumer - Kafka message received for EMAIL processing
2026-03-09 08:58:50 [org.springframework.kafka.KafkaListenerEndpointContainer#0-0-C-1] INFO  c.poc.alerts.consumer.EmailConsumer - Extracted MessageType from payload: EMAIL
2026-03-09 08:58:50 [org.springframework.kafka.KafkaListenerEndpointContainer#0-0-C-1] INFO  c.poc.alerts.consumer.EmailConsumer - Saving consumer audit entry
2026-03-09 08:58:50 [org.springframework.kafka.KafkaListenerEndpointContainer#0-0-C-1] INFO  c.poc.alerts.consumer.EmailConsumer - Audit entry successfully stored
2026-03-09 08:58:50 [org.springframework.kafka.KafkaListenerEndpointContainer#1-0-C-1] INFO  com.poc.alerts.consumer.SmsConsumer - Audit record successfully inserted
2026-03-09 08:58:51 [org.springframework.kafka.KafkaListenerEndpointContainer#1-0-C-1] INFO  com.poc.alerts.consumer.SmsConsumer - Extracting event details from payload
2026-03-09 08:58:51 [org.springframework.kafka.KafkaListenerEndpointContainer#0-0-C-1] INFO  c.poc.alerts.consumer.EmailConsumer - EventType extracted: ArrangementEvents-LoanDisbursementSuccessful_AA_ACTIVITY_EVENT
2026-03-09 08:58:51 [org.springframework.kafka.KafkaListenerEndpointContainer#0-0-C-1] INFO  c.poc.alerts.consumer.EmailConsumer - AlertType extracted: LOAN_DISBURSEMENT_SUCCESSFUL
2026-03-09 08:58:51 [org.springframework.kafka.KafkaListenerEndpointContainer#0-0-C-1] INFO  c.poc.alerts.consumer.EmailConsumer - Starting template processing for EMAIL
2026-03-09 08:58:51 [org.springframework.kafka.KafkaListenerEndpointContainer#1-0-C-1] INFO  com.poc.alerts.consumer.SmsConsumer - EventType : ArrangementEvents-AccountCreated_AA_ACTIVITY_EVENT
2026-03-09 08:58:51 [org.springframework.kafka.KafkaListenerEndpointContainer#1-0-C-1] INFO  com.poc.alerts.consumer.SmsConsumer - AlertType : ACCOUNT_CREATED
2026-03-09 08:58:51 [org.springframework.kafka.KafkaListenerEndpointContainer#1-0-C-1] INFO  com.poc.alerts.consumer.SmsConsumer - Starting SMS template processing
2026-03-09 08:58:51 [org.springframework.kafka.KafkaListenerEndpointContainer#1-0-C-1] INFO  com.poc.alerts.consumer.SmsConsumer - SMS template generated successfully
2026-03-09 08:58:51 [org.springframework.kafka.KafkaListenerEndpointContainer#1-0-C-1] INFO  com.poc.alerts.consumer.SmsConsumer - SMS notification processing completed
2026-03-09 08:58:51 [org.springframework.kafka.KafkaListenerEndpointContainer#1-0-C-1] INFO  com.poc.alerts.consumer.SmsConsumer - =====================================================
2026-03-09 08:58:51 [org.springframework.kafka.KafkaListenerEndpointContainer#1-0-C-1] INFO  com.poc.alerts.consumer.SmsConsumer - =====================================================
2026-03-09 08:58:51 [org.springframework.kafka.KafkaListenerEndpointContainer#1-0-C-1] INFO  com.poc.alerts.consumer.SmsConsumer - SMS CONSUMER TRIGGERED
2026-03-09 08:58:51 [org.springframework.kafka.KafkaListenerEndpointContainer#1-0-C-1] INFO  com.poc.alerts.consumer.SmsConsumer - Kafka message received from topic: notifications.events
2026-03-09 08:58:51 [org.springframework.kafka.KafkaListenerEndpointContainer#1-0-C-1] INFO  com.poc.alerts.consumer.SmsConsumer - Extracted MessageType from payload: EMAIL
2026-03-09 08:58:51 [org.springframework.kafka.KafkaListenerEndpointContainer#1-0-C-1] INFO  com.poc.alerts.consumer.SmsConsumer - MessageType is not SMS/BOTH → skipping SMS consumer
2026-03-09 08:58:51 [org.springframework.kafka.KafkaListenerEndpointContainer#1-0-C-1] INFO  com.poc.alerts.consumer.SmsConsumer - =====================================================
2026-03-09 08:58:51 [org.springframework.kafka.KafkaListenerEndpointContainer#0-0-C-1] INFO  c.poc.alerts.consumer.EmailConsumer - Template processing completed successfully
2026-03-09 08:58:51 [org.springframework.kafka.KafkaListenerEndpointContainer#0-0-C-1] INFO  c.poc.alerts.consumer.EmailConsumer - EMAIL processing completed
2026-03-09 08:58:51 [org.springframework.kafka.KafkaListenerEndpointContainer#0-0-C-1] INFO  c.poc.alerts.consumer.EmailConsumer - --------------------------------------------------
