2026-03-09 09:18:16 [RMI TCP Connection(30)-127.0.0.1] INFO  o.s.b.a.SpringApplicationAdminMXBeanRegistrar$SpringApplicationAdmin - Application shutdown requested.
2026-03-09 09:18:16 [org.springframework.kafka.KafkaListenerEndpointContainer#1-0-C-1] INFO  o.a.k.c.c.i.ConsumerRebalanceListenerInvoker - [Consumer clientId=consumer-sms-consumer-group-2, groupId=sms-consumer-group] Revoke previously assigned partitions [notifications.events-0, notifications.events-1, notifications.events-2, notifications.events-3, notifications.events-4, notifications.events-5, notifications.events-6, notifications.events-7]
2026-03-09 09:18:16 [org.springframework.kafka.KafkaListenerEndpointContainer#0-0-C-1] INFO  o.a.k.c.c.i.ConsumerRebalanceListenerInvoker - [Consumer clientId=consumer-email-consumer-group-1, groupId=email-consumer-group] Revoke previously assigned partitions [notifications.events-0, notifications.events-1, notifications.events-2, notifications.events-3, notifications.events-4, notifications.events-5, notifications.events-6, notifications.events-7]
2026-03-09 09:18:16 [org.springframework.kafka.KafkaListenerEndpointContainer#1-0-C-1] INFO  o.s.k.l.KafkaMessageListenerContainer - sms-consumer-group: partitions revoked: [notifications.events-0, notifications.events-1, notifications.events-2, notifications.events-3, notifications.events-4, notifications.events-5, notifications.events-6, notifications.events-7]
2026-03-09 09:18:16 [org.springframework.kafka.KafkaListenerEndpointContainer#0-0-C-1] INFO  o.s.k.l.KafkaMessageListenerContainer - email-consumer-group: partitions revoked: [notifications.events-0, notifications.events-1, notifications.events-2, notifications.events-3, notifications.events-4, notifications.events-5, notifications.events-6, notifications.events-7]
2026-03-09 09:18:16 [org.springframework.kafka.KafkaListenerEndpointContainer#0-0-C-1] INFO  o.a.k.c.c.i.ConsumerCoordinator - [Consumer clientId=consumer-email-consumer-group-1, groupId=email-consumer-group] Member consumer-email-consumer-group-1-6409232d-f225-4747-b314-c4a62e388463 sending LeaveGroup request to coordinator localhost:9092 (id: 2147483646 rack: null isFenced: false) due to the consumer unsubscribed from all topics
2026-03-09 09:18:16 [org.springframework.kafka.KafkaListenerEndpointContainer#1-0-C-1] INFO  o.a.k.c.c.i.ConsumerCoordinator - [Consumer clientId=consumer-sms-consumer-group-2, groupId=sms-consumer-group] Member consumer-sms-consumer-group-2-e0c2d0c3-da4a-4b65-b93d-07e6311cc516 sending LeaveGroup request to coordinator localhost:9092 (id: 2147483646 rack: null isFenced: false) due to the consumer unsubscribed from all topics
2026-03-09 09:18:16 [org.springframework.kafka.KafkaListenerEndpointContainer#0-0-C-1] INFO  o.a.k.c.c.i.ConsumerCoordinator - [Consumer clientId=consumer-email-consumer-group-1, groupId=email-consumer-group] Resetting generation and member id due to: consumer pro-actively leaving the group
2026-03-09 09:18:16 [org.springframework.kafka.KafkaListenerEndpointContainer#1-0-C-1] INFO  o.a.k.c.c.i.ConsumerCoordinator - [Consumer clientId=consumer-sms-consumer-group-2, groupId=sms-consumer-group] Resetting generation and member id due to: consumer pro-actively leaving the group
2026-03-09 09:18:16 [org.springframework.kafka.KafkaListenerEndpointContainer#0-0-C-1] INFO  o.a.k.c.c.i.ConsumerCoordinator - [Consumer clientId=consumer-email-consumer-group-1, groupId=email-consumer-group] Request joining group due to: consumer pro-actively leaving the group
2026-03-09 09:18:16 [org.springframework.kafka.KafkaListenerEndpointContainer#1-0-C-1] INFO  o.a.k.c.c.i.ConsumerCoordinator - [Consumer clientId=consumer-sms-consumer-group-2, groupId=sms-consumer-group] Request joining group due to: consumer pro-actively leaving the group
2026-03-09 09:18:16 [org.springframework.kafka.KafkaListenerEndpointContainer#0-0-C-1] INFO  o.a.k.c.c.i.ClassicKafkaConsumer - [Consumer clientId=consumer-email-consumer-group-1, groupId=email-consumer-group] Unsubscribed all topics or patterns and assigned partitions
2026-03-09 09:18:16 [org.springframework.kafka.KafkaListenerEndpointContainer#1-0-C-1] INFO  o.a.k.c.c.i.ClassicKafkaConsumer - [Consumer clientId=consumer-sms-consumer-group-2, groupId=sms-consumer-group] Unsubscribed all topics or patterns and assigned partitions
2026-03-09 09:18:16 [org.springframework.kafka.KafkaListenerEndpointContainer#0-0-C-1] INFO  o.a.k.c.c.i.ConsumerCoordinator - [Consumer clientId=consumer-email-consumer-group-1, groupId=email-consumer-group] Resetting generation and member id due to: consumer pro-actively leaving the group
2026-03-09 09:18:16 [org.springframework.kafka.KafkaListenerEndpointContainer#1-0-C-1] INFO  o.a.k.c.c.i.ConsumerCoordinator - [Consumer clientId=consumer-sms-consumer-group-2, groupId=sms-consumer-group] Resetting generation and member id due to: consumer pro-actively leaving the group
2026-03-09 09:18:16 [org.springframework.kafka.KafkaListenerEndpointContainer#0-0-C-1] INFO  o.a.k.c.c.i.ConsumerCoordinator - [Consumer clientId=consumer-email-consumer-group-1, groupId=email-consumer-group] Request joining group due to: consumer pro-actively leaving the group
2026-03-09 09:18:16 [org.springframework.kafka.KafkaListenerEndpointContainer#1-0-C-1] INFO  o.a.k.c.c.i.ConsumerCoordinator - [Consumer clientId=consumer-sms-consumer-group-2, groupId=sms-consumer-group] Request joining group due to: consumer pro-actively leaving the group
2026-03-09 09:18:16 [org.springframework.kafka.KafkaListenerEndpointContainer#1-0-C-1] INFO  o.a.kafka.common.metrics.Metrics - Metrics scheduler closed
2026-03-09 09:18:16 [org.springframework.kafka.KafkaListenerEndpointContainer#1-0-C-1] INFO  o.a.kafka.common.metrics.Metrics - Closing reporter org.apache.kafka.common.metrics.JmxReporter
2026-03-09 09:18:16 [org.springframework.kafka.KafkaListenerEndpointContainer#0-0-C-1] INFO  o.a.kafka.common.metrics.Metrics - Metrics scheduler closed
2026-03-09 09:18:16 [org.springframework.kafka.KafkaListenerEndpointContainer#0-0-C-1] INFO  o.a.kafka.common.metrics.Metrics - Closing reporter org.apache.kafka.common.metrics.JmxReporter
2026-03-09 09:18:16 [org.springframework.kafka.KafkaListenerEndpointContainer#1-0-C-1] INFO  o.a.kafka.common.metrics.Metrics - Closing reporter org.apache.kafka.common.telemetry.internals.ClientTelemetryReporter
2026-03-09 09:18:16 [org.springframework.kafka.KafkaListenerEndpointContainer#1-0-C-1] INFO  o.a.kafka.common.metrics.Metrics - Metrics reporters closed
2026-03-09 09:18:16 [org.springframework.kafka.KafkaListenerEndpointContainer#0-0-C-1] INFO  o.a.kafka.common.metrics.Metrics - Closing reporter org.apache.kafka.common.telemetry.internals.ClientTelemetryReporter
2026-03-09 09:18:16 [org.springframework.kafka.KafkaListenerEndpointContainer#0-0-C-1] INFO  o.a.kafka.common.metrics.Metrics - Metrics reporters closed
2026-03-09 09:18:16 [org.springframework.kafka.KafkaListenerEndpointContainer#1-0-C-1] INFO  o.a.kafka.common.utils.AppInfoParser - App info kafka.consumer for consumer-sms-consumer-group-2 unregistered
2026-03-09 09:18:16 [org.springframework.kafka.KafkaListenerEndpointContainer#0-0-C-1] INFO  o.a.kafka.common.utils.AppInfoParser - App info kafka.consumer for consumer-email-consumer-group-1 unregistered
2026-03-09 09:18:16 [org.springframework.kafka.KafkaListenerEndpointContainer#0-0-C-1] INFO  o.s.k.l.KafkaMessageListenerContainer - email-consumer-group: Consumer stopped
2026-03-09 09:18:16 [org.springframework.kafka.KafkaListenerEndpointContainer#1-0-C-1] INFO  o.s.k.l.KafkaMessageListenerContainer - sms-consumer-group: Consumer stopped
2026-03-09 09:18:16 [RMI TCP Connection(30)-127.0.0.1] INFO  o.s.boot.tomcat.GracefulShutdown - Commencing graceful shutdown. Waiting for active requests to complete
2026-03-09 09:18:16 [tomcat-shutdown] INFO  o.a.coyote.http11.Http11NioProtocol - Pausing ProtocolHandler ["http-nio-8082"]
2026-03-09 09:18:16 [tomcat-shutdown] INFO  o.s.boot.tomcat.GracefulShutdown - Graceful shutdown complete
2026-03-09 09:18:16 [RMI TCP Connection(30)-127.0.0.1] INFO  o.a.coyote.http11.Http11NioProtocol - Stopping ProtocolHandler ["http-nio-8082"]
2026-03-09 09:18:16 [RMI TCP Connection(30)-127.0.0.1] INFO  o.s.o.j.LocalContainerEntityManagerFactoryBean - Closing JPA EntityManagerFactory for persistence unit 'default'
2026-03-09 09:18:16 [RMI TCP Connection(30)-127.0.0.1] INFO  com.zaxxer.hikari.HikariDataSource - HikariPool-1 - Shutdown initiated...
2026-03-09 09:18:16 [RMI TCP Connection(30)-127.0.0.1] INFO  com.zaxxer.hikari.HikariDataSource - HikariPool-1 - Shutdown completed.
