2026-03-09 09:05:22 [org.springframework.kafka.KafkaListenerEndpointContainer#1-0-C-1] INFO  com.poc.alerts.consumer.SmsConsumer - =====================================================
2026-03-09 09:05:22 [org.springframework.kafka.KafkaListenerEndpointContainer#0-0-C-1] INFO  c.poc.alerts.consumer.EmailConsumer - --------------------------------------------------
2026-03-09 09:05:22 [org.springframework.kafka.KafkaListenerEndpointContainer#1-0-C-1] INFO  com.poc.alerts.consumer.SmsConsumer - SMS CONSUMER TRIGGERED
2026-03-09 09:05:22 [org.springframework.kafka.KafkaListenerEndpointContainer#0-0-C-1] INFO  c.poc.alerts.consumer.EmailConsumer - Kafka message received for EMAIL processing
2026-03-09 09:05:22 [org.springframework.kafka.KafkaListenerEndpointContainer#1-0-C-1] INFO  com.poc.alerts.consumer.SmsConsumer - Kafka message received from topic: notifications.events
2026-03-09 09:05:22 [org.springframework.kafka.KafkaListenerEndpointContainer#0-0-C-1] INFO  c.poc.alerts.consumer.EmailConsumer - Extracted MessageType from payload: SMS
2026-03-09 09:05:22 [org.springframework.kafka.KafkaListenerEndpointContainer#0-0-C-1] INFO  c.poc.alerts.consumer.EmailConsumer - MessageType is not EMAIL/BOTH. Skipping message
2026-03-09 09:05:22 [org.springframework.kafka.KafkaListenerEndpointContainer#1-0-C-1] INFO  com.poc.alerts.consumer.SmsConsumer - Extracted MessageType from payload: SMS
2026-03-09 09:05:22 [org.springframework.kafka.KafkaListenerEndpointContainer#1-0-C-1] INFO  com.poc.alerts.consumer.SmsConsumer - Message eligible for SMS processing
2026-03-09 09:05:22 [org.springframework.kafka.KafkaListenerEndpointContainer#1-0-C-1] INFO  com.poc.alerts.consumer.SmsConsumer - Saving message to AUDIT table
2026-03-09 09:05:22 [org.springframework.kafka.KafkaListenerEndpointContainer#1-0-C-1] INFO  com.poc.alerts.consumer.SmsConsumer - Audit record successfully inserted
2026-03-09 09:05:22 [org.springframework.kafka.KafkaListenerEndpointContainer#1-0-C-1] INFO  com.poc.alerts.consumer.SmsConsumer - Extracting event details from payload
2026-03-09 09:05:22 [org.springframework.kafka.KafkaListenerEndpointContainer#1-0-C-1] INFO  com.poc.alerts.consumer.SmsConsumer - EventType : ArrangementEvents-LoanPastDueReminder_AA_ACTIVITY_EVENT
2026-03-09 09:05:22 [org.springframework.kafka.KafkaListenerEndpointContainer#1-0-C-1] INFO  com.poc.alerts.consumer.SmsConsumer - AlertType : LOAN_PAST_DUE_REMINDER
2026-03-09 09:05:22 [org.springframework.kafka.KafkaListenerEndpointContainer#1-0-C-1] INFO  com.poc.alerts.consumer.SmsConsumer - Starting SMS template processing
2026-03-09 09:05:22 [org.springframework.kafka.KafkaListenerEndpointContainer#1-0-C-1] INFO  com.poc.alerts.service.SmsService - Preparing SMS request
2026-03-09 09:05:23 [org.springframework.kafka.KafkaListenerEndpointContainer#1-0-C-1] INFO  com.poc.alerts.service.SmsService - SMS Response Status : 200 OK
2026-03-09 09:05:23 [org.springframework.kafka.KafkaListenerEndpointContainer#1-0-C-1] INFO  com.poc.alerts.service.SmsService - SMS Response Body : {"message":"template id missing","type":"error"}
2026-03-09 09:05:23 [org.springframework.kafka.KafkaListenerEndpointContainer#1-0-C-1] INFO  com.poc.alerts.consumer.SmsConsumer - SMS template generated successfully
2026-03-09 09:05:23 [org.springframework.kafka.KafkaListenerEndpointContainer#1-0-C-1] INFO  com.poc.alerts.consumer.SmsConsumer - SMS notification processing completed
2026-03-09 09:05:23 [org.springframework.kafka.KafkaListenerEndpointContainer#1-0-C-1] INFO  com.poc.alerts.consumer.SmsConsumer - =====================================================
